created ckym3
created rqfb2
created e2gmp
created mh8xu
created v9prj
created ac2gk
created uu9fq
created phr2x
created jtemu
created xgdp7
created kmtsy
created t22up
created 2ctbh
created fyn77
created f6rmy
created h7kvx
created skz2u
created tpsn5
created p68bv
created 42eej
created 5hxb6
created 7tcza
created qs87f
created gv5kc
created kj4cw
created 6wuu7
created hbhff
created qfswd
created sw8ps
created xncst
created x549m
created 5rkpc
created 8jbqf
created x9dgh
created 3rkak
created dqc4w
created vvbed
created akebm
created zzmw8
created cc3e4
created bw8tm
created buwm2
created wq6wu
created 8nnhs
created mc3eb
created 62zvu
created n2msz
created zknsd
created 2y6uz
created etf5t
created 79wqs
created mtwh7
created dwh7h
created j83rn
created a3zze
created cbs8q
created 47dgz
created 9dwz8
created seen8
created sd4dv
--- all users:
2ctbh 2y6uz 3rkak 42eej 47dgz 5hxb6 5rkpc 62zvu 6wuu7 79wqs 7tcza 8jbqf 8nnhs 9dwz8 a3zze ac2gk akebm buwm2 bw8tm cbs8q cc3e4 ckym3 dqc4w dwh7h e2gmp etf5t f6rmy fyn77 gv5kc h7kvx hbhff j83rn jtemu kein kj4cw kmtsy mc3eb mh8xu mtwh7 n2msz p68bv phr2x qfswd qs87f rqfb2 sd4dv seen8 skz2u sw8ps t22up tester-1 tester-2 tester-3 tester-4 tester-5 tester-6 tester-7 tester-8 tonkou tpsn5 uu9fq v9prj vvbed wq6wu x549m x9dgh xgdp7 xncst zknsd zzmw8
